2026-08-07T10:22:36.474+05:30  INFO 14260 --- [03-jpa-app] [main] c.t._.c.InstructorControllerTest         : Starting InstructorControllerTest using Java 18.0.2.1 with PID 14260 (started by Prince.Kakadiya in C:\prince\DailyWork\spring\03-jpa-app)
2026-08-07T10:22:36.488+05:30  INFO 14260 --- [03-jpa-app] [main] c.t._.c.InstructorControllerTest         : No active profile set, falling back to 1 default profile: "default"
2026-08-07T10:22:40.307+05:30  INFO 14260 --- [03-jpa-app] [main] o.s.b.t.m.w.SpringBootMockServletContext : Initializing Spring TestDispatcherServlet ''
2026-08-07T10:22:40.307+05:30  INFO 14260 --- [03-jpa-app] [main] o.s.t.web.servlet.TestDispatcherServlet  : Initializing Servlet ''
2026-08-07T10:22:40.311+05:30  INFO 14260 --- [03-jpa-app] [main] o.s.t.web.servlet.TestDispatcherServlet  : Completed initialization in 3 ms
2026-08-07T10:22:40.475+05:30  INFO 14260 --- [03-jpa-app] [main] c.t._.c.InstructorControllerTest         : Started InstructorControllerTest in 4.784 seconds (process running for 7.879)
2026-08-07T10:23:29.355+05:30  INFO 14380 --- [03-jpa-app] [main] com.tss.__jpa_app.Application            : Starting Application using Java 18.0.2.1 with PID 14380 (C:\prince\DailyWork\spring\03-jpa-app\target\classes started by Prince.Kakadiya in C:\prince\DailyWork\spring\03-jpa-app)
2026-08-07T10:23:29.362+05:30  INFO 14380 --- [03-jpa-app] [main] com.tss.__jpa_app.Application            : No active profile set, falling back to 1 default profile: "default"
2026-08-07T10:23:30.719+05:30  INFO 14380 --- [03-jpa-app] [main] .s.d.r.c.RepositoryConfigurationDelegate : Bootstrapping Spring Data JPA repositories in DEFAULT mode.
2026-08-07T10:23:30.816+05:30  INFO 14380 --- [03-jpa-app] [main] .s.d.r.c.RepositoryConfigurationDelegate : Finished Spring Data repository scanning in 85 ms. Found 5 JPA repository interfaces.
2026-08-07T10:23:31.926+05:30  INFO 14380 --- [03-jpa-app] [main] o.s.boot.tomcat.TomcatWebServer          : Tomcat initialized with port 8080 (http)
2026-08-07T10:23:31.943+05:30  INFO 14380 --- [03-jpa-app] [main] o.apache.catalina.core.StandardService   : Starting service [Tomcat]
2026-08-07T10:23:31.943+05:30  INFO 14380 --- [03-jpa-app] [main] o.apache.catalina.core.StandardEngine    : Starting Servlet engine: [Apache Tomcat/11.0.22]
2026-08-07T10:23:32.066+05:30  INFO 14380 --- [03-jpa-app] [main] b.w.c.s.WebApplicationContextInitializer : Root WebApplicationContext: initialization completed in 2627 ms
2026-08-07T10:23:32.478+05:30  INFO 14380 --- [03-jpa-app] [main] org.hibernate.orm.jpa                    : HHH008540: Processing PersistenceUnitInfo [name: default]
2026-08-07T10:23:32.560+05:30  INFO 14380 --- [03-jpa-app] [main] org.hibernate.orm.core                   : HHH000001: Hibernate ORM core version 7.4.1.Final
2026-08-07T10:23:33.390+05:30  INFO 14380 --- [03-jpa-app] [main] o.s.o.j.p.SpringPersistenceUnitInfo      : No LoadTimeWeaver setup: ignoring JPA class transformer
2026-08-07T10:23:33.519+05:30  INFO 14380 --- [03-jpa-app] [main] com.zaxxer.hikari.HikariDataSource       : HikariPool-1 - Starting...
2026-08-07T10:23:33.926+05:30  INFO 14380 --- [03-jpa-app] [main] com.zaxxer.hikari.pool.HikariPool        : HikariPool-1 - Added connection org.postgresql.jdbc.PgConnection@c4551c6
2026-08-07T10:23:33.928+05:30  INFO 14380 --- [03-jpa-app] [main] com.zaxxer.hikari.HikariDataSource       : HikariPool-1 - Start completed.
2026-08-07T10:23:34.040+05:30  INFO 14380 --- [03-jpa-app] [main] org.hibernate.orm.connections.pooling    : HHH10001005: Database info:
	Database JDBC URL [jdbc:postgresql://localhost:5432/student_db]
	Database driver: PostgreSQL JDBC Driver
	Database dialect: PostgreSQLDialect
	Database version: 18.4
	Default catalog/schema: student_db/public
	Autocommit mode: undefined/unknown
	Isolation level: READ_COMMITTED [default READ_COMMITTED]
	JDBC fetch size: none
	Pool: DataSourceConnectionProvider
	Minimum pool size: undefined/unknown
	Maximum pool size: undefined/unknown
2026-08-07T10:23:36.307+05:30  INFO 14380 --- [03-jpa-app] [main] org.hibernate.orm.core                   : HHH000489: No JTA platform available (set 'hibernate.transaction.jta.platform' to enable JTA platform integration)
2026-08-07T10:23:36.494+05:30  INFO 14380 --- [03-jpa-app] [main] j.LocalContainerEntityManagerFactoryBean : Initialized JPA EntityManagerFactory for persistence unit 'default'
2026-08-07T10:23:36.676+05:30  INFO 14380 --- [03-jpa-app] [main] o.s.d.j.r.query.QueryEnhancerFactories   : Hibernate is in classpath; If applicable, HQL parser will be used.
2026-08-07T10:23:38.252+05:30  WARN 14380 --- [03-jpa-app] [main] JpaBaseConfiguration$JpaWebConfiguration : spring.jpa.open-in-view is enabled by default. Therefore, database queries may be performed during view rendering. Explicitly configure spring.jpa.open-in-view to disable this warning
2026-08-07T10:23:39.178+05:30  INFO 14380 --- [03-jpa-app] [main] o.s.boot.tomcat.TomcatWebServer          : Tomcat started on port 8080 (http) with context path '/'
2026-08-07T10:23:39.185+05:30  INFO 14380 --- [03-jpa-app] [main] com.tss.__jpa_app.Application            : Started Application in 10.597 seconds (process running for 11.54)
2026-08-07T10:25:05.708+05:30  INFO 14380 --- [03-jpa-app] [http-nio-8080-exec-1] o.a.c.c.C.[Tomcat].[localhost].[/]       : Initializing Spring DispatcherServlet 'dispatcherServlet'
2026-08-07T10:25:05.717+05:30  INFO 14380 --- [03-jpa-app] [http-nio-8080-exec-1] o.s.web.servlet.DispatcherServlet        : Initializing Servlet 'dispatcherServlet'
2026-08-07T10:25:05.749+05:30  INFO 14380 --- [03-jpa-app] [http-nio-8080-exec-1] o.s.web.servlet.DispatcherServlet        : Completed initialization in 31 ms
2026-08-07T10:25:34.079+05:30  INFO 14380 --- [03-jpa-app] [SpringApplicationShutdownHook] o.s.boot.tomcat.GracefulShutdown         : Commencing graceful shutdown. Waiting for active requests to complete
2026-08-07T10:25:34.403+05:30  INFO 14380 --- [03-jpa-app] [tomcat-shutdown] o.s.boot.tomcat.GracefulShutdown         : Graceful shutdown complete
2026-08-07T10:25:34.414+05:30  INFO 14380 --- [03-jpa-app] [SpringApplicationShutdownHook] j.LocalContainerEntityManagerFactoryBean : Closing JPA EntityManagerFactory for persistence unit 'default'
2026-08-07T10:25:34.428+05:30  INFO 14380 --- [03-jpa-app] [SpringApplicationShutdownHook] com.zaxxer.hikari.HikariDataSource       : HikariPool-1 - Shutdown initiated...
2026-08-07T10:25:34.440+05:30  INFO 14380 --- [03-jpa-app] [SpringApplicationShutdownHook] com.zaxxer.hikari.HikariDataSource       : HikariPool-1 - Shutdown completed.
2026-08-07T10:25:51.737+05:30  INFO 17284 --- [03-jpa-app] [main] c.t._.c.InstructorControllerTest         : Starting InstructorControllerTest using Java 18.0.2.1 with PID 17284 (started by Prince.Kakadiya in C:\prince\DailyWork\spring\03-jpa-app)
2026-08-07T10:25:51.740+05:30  INFO 17284 --- [03-jpa-app] [main] c.t._.c.InstructorControllerTest         : No active profile set, falling back to 1 default profile: "default"
2026-08-07T10:25:55.555+05:30  INFO 17284 --- [03-jpa-app] [main] o.s.b.t.m.w.SpringBootMockServletContext : Initializing Spring TestDispatcherServlet ''
2026-08-07T10:25:55.556+05:30  INFO 17284 --- [03-jpa-app] [main] o.s.t.web.servlet.TestDispatcherServlet  : Initializing Servlet ''
2026-08-07T10:25:55.558+05:30  INFO 17284 --- [03-jpa-app] [main] o.s.t.web.servlet.TestDispatcherServlet  : Completed initialization in 2 ms
2026-08-07T10:25:55.624+05:30  INFO 17284 --- [03-jpa-app] [main] c.t._.c.InstructorControllerTest         : Started InstructorControllerTest in 4.768 seconds (process running for 7.773)
2026-08-07T10:26:36.402+05:30  INFO 17480 --- [03-jpa-app] [main] c.t._.c.InstructorControllerTest         : Starting InstructorControllerTest using Java 18.0.2.1 with PID 17480 (started by Prince.Kakadiya in C:\prince\DailyWork\spring\03-jpa-app)
2026-08-07T10:26:36.406+05:30  INFO 17480 --- [03-jpa-app] [main] c.t._.c.InstructorControllerTest         : No active profile set, falling back to 1 default profile: "default"
2026-08-07T10:26:39.625+05:30  INFO 17480 --- [03-jpa-app] [main] o.s.b.t.m.w.SpringBootMockServletContext : Initializing Spring TestDispatcherServlet ''
2026-08-07T10:26:39.627+05:30  INFO 17480 --- [03-jpa-app] [main] o.s.t.web.servlet.TestDispatcherServlet  : Initializing Servlet ''
2026-08-07T10:26:39.629+05:30  INFO 17480 --- [03-jpa-app] [main] o.s.t.web.servlet.TestDispatcherServlet  : Completed initialization in 2 ms
2026-08-07T10:26:39.758+05:30  INFO 17480 --- [03-jpa-app] [main] c.t._.c.InstructorControllerTest         : Started InstructorControllerTest in 3.986 seconds (process running for 6.763)
2026-08-07T10:26:58.646+05:30  INFO 10556 --- [03-jpa-app] [main] c.t._.c.InstructorControllerTest         : Starting InstructorControllerTest using Java 18.0.2.1 with PID 10556 (started by Prince.Kakadiya in C:\prince\DailyWork\spring\03-jpa-app)
2026-08-07T10:26:58.648+05:30  INFO 10556 --- [03-jpa-app] [main] c.t._.c.InstructorControllerTest         : No active profile set, falling back to 1 default profile: "default"
2026-08-07T10:27:02.150+05:30  INFO 10556 --- [03-jpa-app] [main] o.s.b.t.m.w.SpringBootMockServletContext : Initializing Spring TestDispatcherServlet ''
2026-08-07T10:27:02.151+05:30  INFO 10556 --- [03-jpa-app] [main] o.s.t.web.servlet.TestDispatcherServlet  : Initializing Servlet ''
2026-08-07T10:27:02.153+05:30  INFO 10556 --- [03-jpa-app] [main] o.s.t.web.servlet.TestDispatcherServlet  : Completed initialization in 2 ms
2026-08-07T10:27:02.253+05:30  INFO 10556 --- [03-jpa-app] [main] c.t._.c.InstructorControllerTest         : Started InstructorControllerTest in 4.341 seconds (process running for 7.222)
2026-08-07T10:32:27.359+05:30  INFO 17496 --- [03-jpa-app] [main] c.t._.c.InstructorControllerTest         : Starting InstructorControllerTest using Java 18.0.2.1 with PID 17496 (started by Prince.Kakadiya in C:\prince\DailyWork\spring\03-jpa-app)
2026-08-07T10:32:27.369+05:30  INFO 17496 --- [03-jpa-app] [main] c.t._.c.InstructorControllerTest         : No active profile set, falling back to 1 default profile: "default"
2026-08-07T10:32:36.345+05:30  INFO 17496 --- [03-jpa-app] [main] o.s.b.t.m.w.SpringBootMockServletContext : Initializing Spring TestDispatcherServlet ''
2026-08-07T10:32:36.347+05:30  INFO 17496 --- [03-jpa-app] [main] o.s.t.web.servlet.TestDispatcherServlet  : Initializing Servlet ''
2026-08-07T10:32:36.354+05:30  INFO 17496 --- [03-jpa-app] [main] o.s.t.web.servlet.TestDispatcherServlet  : Completed initialization in 6 ms
2026-08-07T10:32:36.449+05:30  INFO 17496 --- [03-jpa-app] [main] c.t._.c.InstructorControllerTest         : Started InstructorControllerTest in 11.083 seconds (process running for 18.033)
2026-08-07T10:54:18.816+05:30  INFO 5548 --- [03-jpa-app] [main] com.tss.__jpa_app.Application            : Starting Application using Java 18.0.2.1 with PID 5548 (C:\prince\DailyWork\spring\03-jpa-app\target\classes started by Prince.Kakadiya in C:\prince\DailyWork\spring\03-jpa-app)
2026-08-07T10:54:18.823+05:30  INFO 5548 --- [03-jpa-app] [main] com.tss.__jpa_app.Application            : No active profile set, falling back to 1 default profile: "default"
2026-08-07T10:54:21.026+05:30  INFO 5548 --- [03-jpa-app] [main] .s.d.r.c.RepositoryConfigurationDelegate : Bootstrapping Spring Data JPA repositories in DEFAULT mode.
2026-08-07T10:54:21.207+05:30  INFO 5548 --- [03-jpa-app] [main] .s.d.r.c.RepositoryConfigurationDelegate : Finished Spring Data repository scanning in 152 ms. Found 5 JPA repository interfaces.
2026-08-07T10:54:22.843+05:30  INFO 5548 --- [03-jpa-app] [main] o.s.boot.tomcat.TomcatWebServer          : Tomcat initialized with port 8080 (http)
2026-08-07T10:54:22.872+05:30  INFO 5548 --- [03-jpa-app] [main] o.apache.catalina.core.StandardService   : Starting service [Tomcat]
2026-08-07T10:54:22.872+05:30  INFO 5548 --- [03-jpa-app] [main] o.apache.catalina.core.StandardEngine    : Starting Servlet engine: [Apache Tomcat/11.0.22]
2026-08-07T10:54:23.066+05:30  INFO 5548 --- [03-jpa-app] [main] b.w.c.s.WebApplicationContextInitializer : Root WebApplicationContext: initialization completed in 4089 ms
2026-08-07T10:54:23.606+05:30  INFO 5548 --- [03-jpa-app] [main] org.hibernate.orm.jpa                    : HHH008540: Processing PersistenceUnitInfo [name: default]
2026-08-07T10:54:23.911+05:30  INFO 5548 --- [03-jpa-app] [main] org.hibernate.orm.core                   : HHH000001: Hibernate ORM core version 7.4.1.Final
2026-08-07T10:54:25.419+05:30  INFO 5548 --- [03-jpa-app] [main] o.s.o.j.p.SpringPersistenceUnitInfo      : No LoadTimeWeaver setup: ignoring JPA class transformer
2026-08-07T10:54:25.493+05:30  INFO 5548 --- [03-jpa-app] [main] com.zaxxer.hikari.HikariDataSource       : HikariPool-1 - Starting...
2026-08-07T10:54:25.933+05:30  INFO 5548 --- [03-jpa-app] [main] com.zaxxer.hikari.pool.HikariPool        : HikariPool-1 - Added connection org.postgresql.jdbc.PgConnection@65b73689
2026-08-07T10:54:25.935+05:30  INFO 5548 --- [03-jpa-app] [main] com.zaxxer.hikari.HikariDataSource       : HikariPool-1 - Start completed.
2026-08-07T10:54:26.235+05:30  INFO 5548 --- [03-jpa-app] [main] org.hibernate.orm.connections.pooling    : HHH10001005: Database info:
	Database JDBC URL [jdbc:postgresql://localhost:5432/student_db]
	Database driver: PostgreSQL JDBC Driver
	Database dialect: PostgreSQLDialect
	Database version: 18.4
	Default catalog/schema: student_db/public
	Autocommit mode: undefined/unknown
	Isolation level: READ_COMMITTED [default READ_COMMITTED]
	JDBC fetch size: none
	Pool: DataSourceConnectionProvider
	Minimum pool size: undefined/unknown
	Maximum pool size: undefined/unknown
2026-08-07T10:54:29.580+05:30  INFO 5548 --- [03-jpa-app] [main] org.hibernate.orm.core                   : HHH000489: No JTA platform available (set 'hibernate.transaction.jta.platform' to enable JTA platform integration)
2026-08-07T10:54:29.758+05:30  INFO 5548 --- [03-jpa-app] [main] j.LocalContainerEntityManagerFactoryBean : Initialized JPA EntityManagerFactory for persistence unit 'default'
2026-08-07T10:54:30.000+05:30  INFO 5548 --- [03-jpa-app] [main] o.s.d.j.r.query.QueryEnhancerFactories   : Hibernate is in classpath; If applicable, HQL parser will be used.
2026-08-07T10:54:32.256+05:30  WARN 5548 --- [03-jpa-app] [main] JpaBaseConfiguration$JpaWebConfiguration : spring.jpa.open-in-view is enabled by default. Therefore, database queries may be performed during view rendering. Explicitly configure spring.jpa.open-in-view to disable this warning
2026-08-07T10:54:33.288+05:30  WARN 5548 --- [03-jpa-app] [main] .s.a.UserDetailsServiceAutoConfiguration : 

Using generated security password: d18c2eac-018c-4dae-8cf8-1d60ded9e968

This generated password is for development use only. Your security configuration must be updated before running your application in production.

2026-08-07T10:54:33.448+05:30  INFO 5548 --- [03-jpa-app] [main] r$InitializeUserDetailsManagerConfigurer : Global AuthenticationManager configured with UserDetailsService bean with name inMemoryUserDetailsManager
2026-08-07T10:54:34.282+05:30  INFO 5548 --- [03-jpa-app] [main] o.s.boot.tomcat.TomcatWebServer          : Tomcat started on port 8080 (http) with context path '/'
2026-08-07T10:54:34.295+05:30  INFO 5548 --- [03-jpa-app] [main] com.tss.__jpa_app.Application            : Started Application in 17.228 seconds (process running for 20.07)
2026-08-07T10:54:49.360+05:30  INFO 5548 --- [03-jpa-app] [http-nio-8080-exec-1] o.a.c.c.C.[Tomcat].[localhost].[/]       : Initializing Spring DispatcherServlet 'dispatcherServlet'
2026-08-07T10:54:49.375+05:30  INFO 5548 --- [03-jpa-app] [http-nio-8080-exec-1] o.s.web.servlet.DispatcherServlet        : Initializing Servlet 'dispatcherServlet'
2026-08-07T10:54:49.395+05:30  INFO 5548 --- [03-jpa-app] [http-nio-8080-exec-1] o.s.web.servlet.DispatcherServlet        : Completed initialization in 7 ms
2026-08-07T10:54:50.396+05:30  WARN 5548 --- [03-jpa-app] [http-nio-8080-exec-1] o.a.c.util.SessionIdGeneratorBase        : Creation of SecureRandom instance for session ID generation using [SHA1PRNG] took [271] milliseconds.
2026-08-07T10:58:26.674+05:30  INFO 5548 --- [03-jpa-app] [SpringApplicationShutdownHook] o.s.boot.tomcat.GracefulShutdown         : Commencing graceful shutdown. Waiting for active requests to complete
2026-08-07T10:58:27.173+05:30  INFO 5548 --- [03-jpa-app] [tomcat-shutdown] o.s.boot.tomcat.GracefulShutdown         : Graceful shutdown complete
2026-08-07T10:58:27.246+05:30  INFO 5548 --- [03-jpa-app] [SpringApplicationShutdownHook] j.LocalContainerEntityManagerFactoryBean : Closing JPA EntityManagerFactory for persistence unit 'default'
2026-08-07T10:58:27.284+05:30  INFO 5548 --- [03-jpa-app] [SpringApplicationShutdownHook] com.zaxxer.hikari.HikariDataSource       : HikariPool-1 - Shutdown initiated...
2026-08-07T10:58:27.295+05:30  INFO 5548 --- [03-jpa-app] [SpringApplicationShutdownHook] com.zaxxer.hikari.HikariDataSource       : HikariPool-1 - Shutdown completed.
2026-08-07T10:58:35.669+05:30  INFO 18260 --- [03-jpa-app] [main] com.tss.__jpa_app.Application            : Starting Application using Java 18.0.2.1 with PID 18260 (C:\prince\DailyWork\spring\03-jpa-app\target\classes started by Prince.Kakadiya in C:\prince\DailyWork\spring\03-jpa-app)
2026-08-07T10:58:35.686+05:30  INFO 18260 --- [03-jpa-app] [main] com.tss.__jpa_app.Application            : No active profile set, falling back to 1 default profile: "default"
2026-08-07T10:58:38.563+05:30  INFO 18260 --- [03-jpa-app] [main] .s.d.r.c.RepositoryConfigurationDelegate : Bootstrapping Spring Data JPA repositories in DEFAULT mode.
2026-08-07T10:58:38.735+05:30  INFO 18260 --- [03-jpa-app] [main] .s.d.r.c.RepositoryConfigurationDelegate : Finished Spring Data repository scanning in 146 ms. Found 5 JPA repository interfaces.
2026-08-07T10:58:40.542+05:30  INFO 18260 --- [03-jpa-app] [main] o.s.boot.tomcat.TomcatWebServer          : Tomcat initialized with port 8080 (http)
2026-08-07T10:58:40.573+05:30  INFO 18260 --- [03-jpa-app] [main] o.apache.catalina.core.StandardService   : Starting service [Tomcat]
2026-08-07T10:58:40.574+05:30  INFO 18260 --- [03-jpa-app] [main] o.apache.catalina.core.StandardEngine    : Starting Servlet engine: [Apache Tomcat/11.0.22]
2026-08-07T10:58:40.843+05:30  INFO 18260 --- [03-jpa-app] [main] b.w.c.s.WebApplicationContextInitializer : Root WebApplicationContext: initialization completed in 5005 ms
2026-08-07T10:58:41.397+05:30  INFO 18260 --- [03-jpa-app] [main] org.hibernate.orm.jpa                    : HHH008540: Processing PersistenceUnitInfo [name: default]
2026-08-07T10:58:41.613+05:30  INFO 18260 --- [03-jpa-app] [main] org.hibernate.orm.core                   : HHH000001: Hibernate ORM core version 7.4.1.Final
2026-08-07T10:58:43.443+05:30  INFO 18260 --- [03-jpa-app] [main] o.s.o.j.p.SpringPersistenceUnitInfo      : No LoadTimeWeaver setup: ignoring JPA class transformer
2026-08-07T10:58:43.586+05:30  INFO 18260 --- [03-jpa-app] [main] com.zaxxer.hikari.HikariDataSource       : HikariPool-1 - Starting...
2026-08-07T10:58:44.175+05:30  INFO 18260 --- [03-jpa-app] [main] com.zaxxer.hikari.pool.HikariPool        : HikariPool-1 - Added connection org.postgresql.jdbc.PgConnection@65b73689
2026-08-07T10:58:44.178+05:30  INFO 18260 --- [03-jpa-app] [main] com.zaxxer.hikari.HikariDataSource       : HikariPool-1 - Start completed.
2026-08-07T10:58:44.446+05:30  INFO 18260 --- [03-jpa-app] [main] org.hibernate.orm.connections.pooling    : HHH10001005: Database info:
	Database JDBC URL [jdbc:postgresql://localhost:5432/student_db]
	Database driver: PostgreSQL JDBC Driver
	Database dialect: PostgreSQLDialect
	Database version: 18.4
	Default catalog/schema: student_db/public
	Autocommit mode: undefined/unknown
	Isolation level: READ_COMMITTED [default READ_COMMITTED]
	JDBC fetch size: none
	Pool: DataSourceConnectionProvider
	Minimum pool size: undefined/unknown
	Maximum pool size: undefined/unknown
2026-08-07T10:58:49.535+05:30  INFO 18260 --- [03-jpa-app] [main] org.hibernate.orm.core                   : HHH000489: No JTA platform available (set 'hibernate.transaction.jta.platform' to enable JTA platform integration)
2026-08-07T10:58:49.853+05:30  INFO 18260 --- [03-jpa-app] [main] j.LocalContainerEntityManagerFactoryBean : Initialized JPA EntityManagerFactory for persistence unit 'default'
2026-08-07T10:58:50.083+05:30  INFO 18260 --- [03-jpa-app] [main] o.s.d.j.r.query.QueryEnhancerFactories   : Hibernate is in classpath; If applicable, HQL parser will be used.
2026-08-07T10:58:53.053+05:30  WARN 18260 --- [03-jpa-app] [main] JpaBaseConfiguration$JpaWebConfiguration : spring.jpa.open-in-view is enabled by default. Therefore, database queries may be performed during view rendering. Explicitly configure spring.jpa.open-in-view to disable this warning
2026-08-07T10:58:54.481+05:30  INFO 18260 --- [03-jpa-app] [main] r$InitializeUserDetailsManagerConfigurer : Global AuthenticationManager configured with UserDetailsService bean with name inMemoryUserDetailsManager
2026-08-07T10:58:55.317+05:30  INFO 18260 --- [03-jpa-app] [main] o.s.boot.tomcat.TomcatWebServer          : Tomcat started on port 8080 (http) with context path '/'
2026-08-07T10:58:55.338+05:30  INFO 18260 --- [03-jpa-app] [main] com.tss.__jpa_app.Application            : Started Application in 21.779 seconds (process running for 24.261)
2026-08-07T10:59:11.661+05:30  INFO 18260 --- [03-jpa-app] [http-nio-8080-exec-2] o.a.c.c.C.[Tomcat].[localhost].[/]       : Initializing Spring DispatcherServlet 'dispatcherServlet'
2026-08-07T10:59:11.664+05:30  INFO 18260 --- [03-jpa-app] [http-nio-8080-exec-2] o.s.web.servlet.DispatcherServlet        : Initializing Servlet 'dispatcherServlet'
2026-08-07T10:59:11.673+05:30  INFO 18260 --- [03-jpa-app] [http-nio-8080-exec-2] o.s.web.servlet.DispatcherServlet        : Completed initialization in 6 ms
2026-08-07T10:59:12.275+05:30  WARN 18260 --- [03-jpa-app] [http-nio-8080-exec-2] o.a.c.util.SessionIdGeneratorBase        : Creation of SecureRandom instance for session ID generation using [SHA1PRNG] took [141] milliseconds.
2026-08-07T11:20:51.494+05:30  INFO 18260 --- [03-jpa-app] [SpringApplicationShutdownHook] o.s.boot.tomcat.GracefulShutdown         : Commencing graceful shutdown. Waiting for active requests to complete
2026-08-07T11:20:52.507+05:30  INFO 18260 --- [03-jpa-app] [tomcat-shutdown] o.s.boot.tomcat.GracefulShutdown         : Graceful shutdown complete
2026-08-07T11:20:52.705+05:30  INFO 18260 --- [03-jpa-app] [SpringApplicationShutdownHook] j.LocalContainerEntityManagerFactoryBean : Closing JPA EntityManagerFactory for persistence unit 'default'
2026-08-07T11:20:52.822+05:30  INFO 18260 --- [03-jpa-app] [SpringApplicationShutdownHook] com.zaxxer.hikari.HikariDataSource       : HikariPool-1 - Shutdown initiated...
2026-08-07T11:20:52.838+05:30  INFO 18260 --- [03-jpa-app] [SpringApplicationShutdownHook] com.zaxxer.hikari.HikariDataSource       : HikariPool-1 - Shutdown completed.
